U-01.solid_count                                     PASS          1                      == 1                         0.0          
U-01.brep_valid                                      PASS          1                      == 1                         0.0          
U-01.naked_edges                                     PASS          0                      == 0                         0.0          
exactly_one_solid                                    PASS          1                      == 1                         0.0          
U-02.size_x                                          PASS          232.0                  in [231.9, 232.1]            0.1          
envelope_within_spec.size_x                          PASS          232.0                  in [231.9, 232.1]            0.1          
U-02.size_y                                          PASS          215.0                  in [214.9, 215.1]            0.1          
envelope_within_spec.size_y                          PASS          215.0                  in [214.9, 215.1]            0.1          
U-02.size_z                                          PASS          19.0                   in [18.9, 19.1]              0.1          
envelope_within_spec.size_z                          PASS          19.0                   in [18.9, 19.1]              0.1          
envelope_within_spec.position.min_x                  PASS          -116.0                 in [-116.1, -115.9]          0.1          
envelope_within_spec.position.max_x                  PASS          116.0                  in [115.9, 116.1]            0.1          
envelope_within_spec.position.min_y                  PASS          0.0                    in [-0.1, 0.1]               0.1          
envelope_within_spec.position.max_y                  PASS          215.0                  in [214.9, 215.1]            0.1          
envelope_within_spec.position.min_z                  PASS          -302.0                 in [-302.1, -301.9]          0.1          
envelope_within_spec.position.max_z                  PASS          -283.0                 in [-283.1, -282.9]          0.1          
D-02.size_x                                          PASS_ASSUMED  232.0                  <= 420.0                     188.0        
D-02.size_y                                          PASS_ASSUMED  215.0                  <= 420.0                     205.0        
D-02.size_z                                          PASS_ASSUMED  19.0                   <= 500.0                     481.0        
REQ-02.min_x                                         PASS_ASSUMED  -116.0                 in [-116.1, -115.9]          0.1          
REQ-02.max_x                                         PASS_ASSUMED  116.0                  in [115.9, 116.1]            0.1          
REQ-05.max_z                                         PASS_ASSUMED  -283.0                 <= -283.0                    0.0          
REQ-02.outer_face_z.y50_x-40                         PASS_ASSUMED  -302.0                 in [-302.1, -301.9]          0.1          
REQ-02.inner_face_z.y50_x-40                         PASS_ASSUMED  -299.0                 in [-299.1, -298.9]          0.1          
REQ-02.outer_face_z.y50_x0                           PASS_ASSUMED  -302.0                 in [-302.1, -301.9]          0.1          
REQ-02.inner_face_z.y50_x0                           PASS_ASSUMED  -299.0                 in [-299.1, -298.9]          0.1          
REQ-02.outer_face_z.y50_x40                          PASS_ASSUMED  -302.0                 in [-302.1, -301.9]          0.1          
REQ-02.inner_face_z.y50_x40                          PASS_ASSUMED  -299.0                 in [-299.1, -298.9]          0.1          
REQ-02.outer_face_z.y200_x-40                        PASS_ASSUMED  -302.0                 in [-302.1, -301.9]          0.1          
REQ-02.inner_face_z.y200_x-40                        PASS_ASSUMED  -299.0                 in [-299.1, -298.9]          0.1          
REQ-02.outer_face_z.y200_x0                          PASS_ASSUMED  -302.0                 in [-302.1, -301.9]          0.1          
REQ-02.inner_face_z.y200_x0                          PASS_ASSUMED  -299.0                 in [-299.1, -298.9]          0.1          
REQ-02.outer_face_z.y200_x40                         PASS_ASSUMED  -302.0                 in [-302.1, -301.9]          0.1          
REQ-02.inner_face_z.y200_x40                         PASS_ASSUMED  -299.0                 in [-299.1, -298.9]          0.1          
REQ-01.underside_faces                               PASS_ASSUMED  1                      == 1                         0.0          
REQ-01.underside_y                                   PASS_ASSUMED  -0.0                   in [-0.1, 0.1]               0.1          
REQ-07.top_faces                                     PASS_ASSUMED  1                      == 1                         0.0          
REQ-07.top_y                                         PASS_ASSUMED  215.0                  in [214.9, 215.1]            0.1          
REQ-07.top_min_z                                     PASS_ASSUMED  -302.0                 in [-302.1, -301.9]          0.1          
REQ-07.top_max_z                                     PASS_ASSUMED  -287.0                 in [-287.1, -286.9]          0.1          
U-05.plane_faces                                     PASS          46                     == 46                        0.0          
feature_census.plane_faces                           PASS          46                     == 46                        0.0          
U-05.cylinder_faces                                  PASS          19                     == 19                        0.0          
feature_census.cylinder_faces                        PASS          19                     == 19                        0.0          
U-05.concave_cylinders                               PASS          19                     == 19                        0.0          
feature_census.concave_cylinders                     PASS          19                     == 19                        0.0          
U-05.convex_cylinders                                PASS          0                      == 0                         0.0          
feature_census.convex_cylinders                      PASS          0                      == 0                         0.0          
U-05.cone_faces                                      PASS          0                      == 0                         0.0          
feature_census.cone_faces                            PASS          0                      == 0                         0.0          
U-05.sphere_faces                                    PASS          0                      == 0                         0.0          
feature_census.sphere_faces                          PASS          0                      == 0                         0.0          
U-05.torus_faces                                     PASS          0                      == 0                         0.0          
feature_census.torus_faces                           PASS          0                      == 0                         0.0          
U-05.bspline_faces                                   PASS          0                      == 0                         0.0          
feature_census.bspline_faces                         PASS          0                      == 0                         0.0          
U-05.other_faces                                     PASS          0                      == 0                         0.0          
feature_census.other_faces                           PASS          0                      == 0                         0.0          
U-05.bores                                           PASS          9                      == 9                         0.0          
feature_census.bores                                 PASS          9                      == 9                         0.0          
U-05.bores_d34_y_through                             PASS          4                      == 4                         0.0          
U-05.bores_d40_y_blind                               PASS          2                      == 2                         0.0          
U-05.bores_d12_z_through                             PASS          3                      == 3                         0.0          
U-05.slot_end_faces_r2_along_z                       PASS          10                     == 10                        0.0          
feature_census.slot_end_faces_r2_along_z             PASS          10                     == 10                        0.0          
U-05.gusset_hypotenuses                              PASS          4                      == 4                         0.0          
feature_census.gusset_hypotenuses                    PASS          4                      == 4                         0.0          
U-05.boss_undersides                                 PASS          2                      == 2                         0.0          
feature_census.boss_undersides                       PASS          2                      == 2                         0.0          
U-05.flange_fronts                                   PASS          2                      == 2                         0.0          
feature_census.flange_fronts                         PASS          2                      == 2                         0.0          
U-05.ledge_under_pieces                              PASS          3                      == 3                         0.0          
feature_census.ledge_under_pieces                    PASS          3                      == 3                         0.0          
U-05.ledge_ends                                      PASS          2                      == 2                         0.0          
feature_census.ledge_ends                            PASS          2                      == 2                         0.0          
U-05.wall_outer_faces                                PASS          1                      == 1                         0.0          
feature_census.wall_outer_faces                      PASS          1                      == 1                         0.0          
REQ-01.x81_z-290.diameter                            PASS_ASSUMED  3.4                    in [3.3, 3.5]                0.1          
REQ-01.x81_z-290.offset                              PASS_ASSUMED  0.0                    <= 0.1                       0.1          
REQ-01.x81_z-290.length                              PASS_ASSUMED  4.0                    in [3.9, 4.1]                0.1          
REQ-01.x81_z-290.through                             PASS_ASSUMED  1                      == 1                         0.0          
D-04a.x81_z-290.diameter                             PASS          3.4                    >= 3.25                      0.15         
REQ-01.x100_z-290.diameter                           PASS_ASSUMED  3.4                    in [3.3, 3.5]                0.1          
REQ-01.x100_z-290.offset                             PASS_ASSUMED  0.0                    <= 0.1                       0.1          
REQ-01.x100_z-290.length                             PASS_ASSUMED  4.0                    in [3.9, 4.1]                0.1          
REQ-01.x100_z-290.through                            PASS_ASSUMED  1                      == 1                         0.0          
D-04a.x100_z-290.diameter                            PASS          3.4                    >= 3.25                      0.15         
REQ-01.x-81_z-290.diameter                           PASS_ASSUMED  3.4                    in [3.3, 3.5]                0.1          
REQ-01.x-81_z-290.offset                             PASS_ASSUMED  0.0                    <= 0.1                       0.1          
REQ-01.x-81_z-290.length                             PASS_ASSUMED  4.0                    in [3.9, 4.1]                0.1          
REQ-01.x-81_z-290.through                            PASS_ASSUMED  1                      == 1                         0.0          
D-04a.x-81_z-290.diameter                            PASS          3.4                    >= 3.25                      0.15         
REQ-01.x-100_z-290.diameter                          PASS_ASSUMED  3.4                    in [3.3, 3.5]                0.1          
REQ-01.x-100_z-290.offset                            PASS_ASSUMED  0.0                    <= 0.1                       0.1          
REQ-01.x-100_z-290.length                            PASS_ASSUMED  4.0                    in [3.9, 4.1]                0.1          
REQ-01.x-100_z-290.through                           PASS_ASSUMED  1                      == 1                         0.0          
D-04a.x-100_z-290.diameter                           PASS          3.4                    >= 3.25                      0.15         
REQ-03.x95_y30.diameter                              PASS_ASSUMED  12.0                   in [11.9, 12.1]              0.1          
REQ-03.x95_y30.offset                                PASS_ASSUMED  0.0                    <= 0.1                       0.1          
REQ-03.x95_y30.through                               PASS_ASSUMED  1                      == 1                         0.0          
REQ-04.x-100_y30.diameter                            PASS_ASSUMED  12.0                   in [11.9, 12.1]              0.1          
REQ-04.x-100_y30.offset                              PASS_ASSUMED  0.0                    <= 0.1                       0.1          
REQ-04.x-100_y30.through                             PASS_ASSUMED  1                      == 1                         0.0          
REQ-04.x-84_y30.diameter                             PASS_ASSUMED  12.0                   in [11.9, 12.1]              0.1          
REQ-04.x-84_y30.offset                               PASS_ASSUMED  0.0                    <= 0.1                       0.1          
REQ-04.x-84_y30.through                              PASS_ASSUMED  1                      == 1                         0.0          
REQ-07.x90_z-293.diameter                            PASS_ASSUMED  4.0                    in [3.95, 4.05]              0.05         
REQ-07.x90_z-293.depth                               PASS_ASSUMED  6.0                    in [5.9, 6.1]                0.1          
REQ-07.x90_z-293.offset                              PASS_ASSUMED  0.0                    <= 0.1                       0.1          
REQ-07.x90_z-293.blind                               PASS_ASSUMED  0                      == 0                         0.0          
D-05b.x90_z-293.diameter                             PASS_ASSUMED  4.0                    in [3.95, 4.05]              0.05         
D-05b.x90_z-293.depth                                PASS_ASSUMED  6.0                    in [5.9, 6.1]                0.1          
D-05b.x90_z-293.depth_min                            PASS_ASSUMED  6.0                    >= 5.7                       0.3          
D-05a.x90_z-293.across_x                             PASS_ASSUMED  12.0                   >= 8.0                       4.0          
D-05a.x90_z-293.across_z                             PASS_ASSUMED  15.0                   >= 8.0                       7.0          
J-05.x90_z-293.+x                                    PASS          4.0                    >= 3.0                       1.0          
J-05.x90_z-293.-x                                    PASS          4.0                    >= 3.0                       1.0          
J-05.x90_z-293.-z                                    PASS          7.0                    >= 3.0                       4.0          
J-05.x90_z-293.+z                                    PASS          4.0                    >= 3.0                       1.0          
REQ-07.x-90_z-293.diameter                           PASS_ASSUMED  4.0                    in [3.95, 4.05]              0.05         
REQ-07.x-90_z-293.depth                              PASS_ASSUMED  6.0                    in [5.9, 6.1]                0.1          
REQ-07.x-90_z-293.offset                             PASS_ASSUMED  0.0                    <= 0.1                       0.1          
REQ-07.x-90_z-293.blind                              PASS_ASSUMED  0                      == 0                         0.0          
D-05b.x-90_z-293.diameter                            PASS_ASSUMED  4.0                    in [3.95, 4.05]              0.05         
D-05b.x-90_z-293.depth                               PASS_ASSUMED  6.0                    in [5.9, 6.1]                0.1          
D-05b.x-90_z-293.depth_min                           PASS_ASSUMED  6.0                    >= 5.7                       0.3          
D-05a.x-90_z-293.across_x                            PASS_ASSUMED  12.0                   >= 8.0                       4.0          
D-05a.x-90_z-293.across_z                            PASS_ASSUMED  15.0                   >= 8.0                       7.0          
J-05.x-90_z-293.+x                                   PASS          4.0                    >= 3.0                       1.0          
J-05.x-90_z-293.-x                                   PASS          4.0                    >= 3.0                       1.0          
J-05.x-90_z-293.-z                                   PASS          7.0                    >= 3.0                       4.0          
J-05.x-90_z-293.+z                                   PASS          4.0                    >= 3.0                       1.0          
REQ-06.x78.width                                     PASS_ASSUMED  4.0                    in [3.9, 4.1]                0.1          
REQ-06.x78.height                                    PASS_ASSUMED  79.99999999999818      in [79.9, 80.1]              0.1          
REQ-06.x78.centre_x                                  PASS_ASSUMED  78.0                   in [77.9, 78.1]              0.1          
REQ-06.x78.y0                                        PASS_ASSUMED  100.0                  in [99.9, 100.1]             0.1          
REQ-06.x78.y1                                        PASS_ASSUMED  179.99999999999818     in [179.9, 180.1]            0.1          
REQ-06.x86.width                                     PASS_ASSUMED  4.0                    in [3.9, 4.1]                0.1          
REQ-06.x86.height                                    PASS_ASSUMED  80.0                   in [79.9, 80.1]              0.1          
REQ-06.x86.centre_x                                  PASS_ASSUMED  86.0                   in [85.9, 86.1]              0.1          
REQ-06.x86.y0                                        PASS_ASSUMED  100.0                  in [99.9, 100.1]             0.1          
REQ-06.x86.y1                                        PASS_ASSUMED  180.0                  in [179.9, 180.1]            0.1          
REQ-06.x94.width                                     PASS_ASSUMED  4.0                    in [3.9, 4.1]                0.1          
REQ-06.x94.height                                    PASS_ASSUMED  80.0                   in [79.9, 80.1]              0.1          
REQ-06.x94.centre_x                                  PASS_ASSUMED  94.0                   in [93.9, 94.1]              0.1          
REQ-06.x94.y0                                        PASS_ASSUMED  100.0                  in [99.9, 100.1]             0.1          
REQ-06.x94.y1                                        PASS_ASSUMED  180.0                  in [179.9, 180.1]            0.1          
REQ-06.x102.width                                    PASS_ASSUMED  4.0                    in [3.9, 4.1]                0.1          
REQ-06.x102.height                                   PASS_ASSUMED  80.0                   in [79.9, 80.1]              0.1          
REQ-06.x102.centre_x                                 PASS_ASSUMED  102.0                  in [101.9, 102.1]            0.1          
REQ-06.x102.y0                                       PASS_ASSUMED  100.0                  in [99.9, 100.1]             0.1          
REQ-06.x102.y1                                       PASS_ASSUMED  180.0                  in [179.9, 180.1]            0.1          
REQ-06.x110.width                                    PASS_ASSUMED  4.0                    in [3.9, 4.1]                0.1          
REQ-06.x110.height                                   PASS_ASSUMED  80.0                   in [79.9, 80.1]              0.1          
REQ-06.x110.centre_x                                 PASS_ASSUMED  110.0                  in [109.9, 110.1]            0.1          
REQ-06.x110.y0                                       PASS_ASSUMED  100.0                  in [99.9, 100.1]             0.1          
REQ-06.x110.y1                                       PASS_ASSUMED  180.0                  in [179.9, 180.1]            0.1          
REQ-05.tank_zone_interference                        PASS_ASSUMED  0.0                    <= 0.0                       0.0          
REQ-08.x81_z-290                                     PASS          0.0                    <= 0.0                       0.0          
REQ-08.x100_z-290                                    PASS          0.0                    <= 0.0                       0.0          
REQ-08.x-81_z-290                                    PASS          0.0                    <= 0.0                       0.0          
REQ-08.x-100_z-290                                   PASS          0.0                    <= 0.0                       0.0          
D-03b.widest_horizontal_hole                         PASS_ASSUMED  3.4                    <= 5.0                       1.6          
D-03b.widest_insert_bore                             PASS_ASSUMED  4.0                    <= 5.0                       1.0          
D-03b.flat_ceiling_span                              PASS_ASSUMED  0.0                    <= 5.0                       5.0          
U-03.plate.clearance                                 PASS_ASSUMED  0.0                    == 0.0                       0.0          
U-03.plate.interference                              PASS_ASSUMED  0.0                    <= 0.0                       0.0          
U-03.footprint_outside_outline_area                  PASS_ASSUMED  0.0                    <= 0.0                       0.0          
U-03.footprint_over_plate_holes_area                 FAIL          18.158405537748877     <= 0.0                       -18.158405538 
U-03.footprint_to_outline_distance                   PASS_ASSUMED  0.7804555206322511     >= 0.5                       0.280455521  
U-03.under_hole.x81_z-290.plate_material_missing     PASS_ASSUMED  0.0                    <= 0.0                       0.0          
U-03.under_hole.x81_z-290.to_nearest_plate_hole      PASS_ASSUMED  29.427877939124322     >= 6.0                       23.427877939 
REQ-01.plate_site.x81_z-290.to_nearest_plate_hole    PASS_ASSUMED  29.427877939124322     >= 6.0                       23.427877939 
U-03.under_hole.x100_z-290.plate_material_missing    PASS_ASSUMED  0.0                    <= 0.0                       0.0          
U-03.under_hole.x100_z-290.to_nearest_plate_hole     PASS_ASSUMED  11.180339887498949     >= 6.0                       5.180339887  
REQ-01.plate_site.x100_z-290.to_nearest_plate_hole   PASS_ASSUMED  11.180339887498949     >= 6.0                       5.180339887  
U-03.under_hole.x-81_z-290.plate_material_missing    PASS_ASSUMED  0.0                    <= 0.0                       0.0          
U-03.under_hole.x-81_z-290.to_nearest_plate_hole     PASS_ASSUMED  29.427877939124322     >= 6.0                       23.427877939 
REQ-01.plate_site.x-81_z-290.to_nearest_plate_hole   PASS_ASSUMED  29.427877939124322     >= 6.0                       23.427877939 
U-03.under_hole.x-100_z-290.plate_material_missing   PASS_ASSUMED  0.0                    <= 0.0                       0.0          
U-03.under_hole.x-100_z-290.to_nearest_plate_hole    PASS_ASSUMED  11.180339887498949     >= 6.0                       5.180339887  
REQ-01.plate_site.x-100_z-290.to_nearest_plate_hole  PASS_ASSUMED  11.180339887498949     >= 6.0                       5.180339887  
U-03.c03.clearance                                   PASS_ASSUMED  48.41487374764082      >= 20.0                      28.414873748 
U-03.c03.interference                                PASS_ASSUMED  0.0                    <= 0.0                       0.0          
U-03.h01.clearance                                   PASS_ASSUMED  66.11700831717926      >= 20.0                      46.117008317 
U-03.h01.interference                                PASS_ASSUMED  0.0                    <= 0.0                       0.0          
U-03.c02.clearance                                   PASS_ASSUMED  43.01162633521314      >= 20.0                      23.011626335 
U-03.c02.interference                                PASS_ASSUMED  0.0                    <= 0.0                       0.0          
U-03(b).plate.worst_interference                     PASS_ASSUMED  0.0                    <= 0.0                       0.0          
U-03(b).c02.worst_interference                       PASS_ASSUMED  0.0                    <= 0.0                       0.0          
U-03(b).c03.worst_interference                       PASS_ASSUMED  0.0                    <= 0.0                       0.0          
U-03(b).h01.worst_interference                       PASS_ASSUMED  0.0                    <= 0.0                       0.0          
U-04.part.schema                                     PASS          1                      == 1                         0.0          
U-04.part.solids                                     PASS          1                      == 1                         0.0          
U-04.part.volume_delta                               PASS          1.8917489796876907e-09 in [0.0, 0.0]                -2e-09       
U-04.part.faces_delta                                PASS          0                      == 0                         0.0          
U-04.part.labels                                     PASS          1                      == 1                         0.0          
U-04.part.valid_after                                PASS          1                      == 1                         0.0          
U-04.assembly.schema                                 PASS          1                      == 1                         0.0          
U-04.assembly.solids                                 PASS          5                      == 5                         0.0          
U-04.assembly.faces_delta                            PASS          0                      == 0                         0.0          
U-04.assembly.labels                                 PASS          1                      == 1                         0.0          
U-04.assembly.valid_after                            PASS          1                      == 1                         0.0          
U-04.assembly.od_c11_back.volume_delta               PASS          1.8917489796876907e-09 in [0.0, 0.0]                -2e-09       
U-04.assembly.od_c01_frame.volume_delta              PASS          0.0                    in [0.0, 0.0]                0.0          
U-04.assembly.od_c02_bulkhead.volume_delta           PASS          4.656612873077393e-10  in [0.0, 0.0]                -4.656612873077393e-10 
U-04.assembly.od_c03_cradle.volume_delta             PASS          0.0                    in [0.0, 0.0]                0.0          
U-04.assembly.od_h01_pump.volume_delta               PASS          4.307366907596588e-09  in [0.0, 0.0]                -4e-09       
D-01a                                                PASS          3.0                    >= 0.8                       2.2          
D-01b                                                PASS          3.0                    >= 2.0                       1.0          
D-06a                                                PASS          3.0                    >= 1.0                       2.0          
U-06(Soft)                                           PASS          3.0                    >= 2.0                       1.0          
D-03a                                                PASS_ASSUMED  90.0                   >= 45.0                      45.0         
U-07.mesh.bodies                                     PASS          1                      == 1                         0.0          
U-07.mesh.naked_edges                                PASS          0                      == 0                         0.0          
U-07.mesh.winding                                    PASS          1                      == 1                         0.0          
U-07.angular_tolerance                               PASS          0.2                    <= 0.2309721947249083        0.030972195  
U-07.tolerance                                       PASS          0.01                   <= 0.01                      0.0          
U-07.max_sagitta                                     PASS          0.0049932039325174616  <= 0.01                      0.005006796  
U-08                                                 N/A           None                   N/A                          None         
D-07                                                 N/A           None                   N/A                          None         
E-06                                                 INCONCLUSIVE  None                   reviewer                     None         
E-11                                                 INCONCLUSIVE  None                   reviewer                     None         
REQ-09(Soft)                                         INCONCLUSIVE  None                   bench                        None         
