S1 axes done
S2 axes done
S1_standoff_z-12_-6.8 6.8 (-13.62, 20.18, -6.8)
S1_spacer_z-6.8_3.2 0.0 (-19.2, 18.95, 0.0)
S2_standoff_z-12_17.6 0.4110228334747029 (20.085743, 5.651926, 17.6)
S2_spacer_z17.6_27.6 0.0 (28.51, 9.08, 27.6)
plate_z-17_-12 12.0 (4.662954, -24.401099, -12.0)
foot_y-70_-66 12.4924943874 (-9.661184, -66.0, 0.0)
S1_material_z_intervals
  r 0.0 {'[[8.0, 27.6], [32.9, 38.6], [43.9, 47.2]]': [0]}
  r 1.9 {'[[3.2, 27.6], [32.9, 38.6], [43.9, 47.2]]': [0, 15, 30, 45, 60, 75], '[[0.0, 27.6], [32.9, 38.6], [43.9, 47.2]]': [255, 270, 285, 300, 315, 330]}
  r 3.5 {'[[3.2, 27.6], [32.9, 38.6], [43.9, 47.2]]': [0, 15, 30, 45, 60, 75], '[[3.2, 27.6]]': [105], '[[0.0, 27.6], [32.9, 38.6], [43.9, 47.2]]': [225, 240, 345], '[[0.0, 38.6], [43.9, 47.64]]': [255], '[[0.0, 47.64]]': [270, 285, 300, 315], '[[0.0, 27.6], [32.9, 38.6], [43.9, 47.5021]]': [330]}
  r 6.0 {'[[0.0, 27.6], [32.9, 38.6], [43.9, 47.2]]': [0, 15, 195, 210], '[[0.0, 27.6], [43.9, 47.2]]': [30, 165, 180], '[[3.2, 27.6], [43.9, 47.2]]': [45], '[[3.2, 24.1155]]': [60], '[[3.2, 11.8]]': [75, 90], '[[0.0, 11.8]]': [105, 120, 135], '[[0.0, 18.2676]]': [150], '[[0.0, 38.6], [43.9, 47.2566]]': [225], '[[0.0, 47.64]]': [240, 255, 270, 285, 330, 345], '[[0.0, 47.19]]': [300, 315]}
  r 10.0 {'[[0.0, 27.6], [32.9, 38.6], [43.9, 47.2]]': [0, 15, 30], '[[0.0, 15.2052]]': [45], '[[3.2, 11.8]]': [60, 75], '[[0.0, 11.8]]': [90, 105, 120, 135, 150, 165], '[[0.0, 9.5]]': [180, 195, 210], '[[0.0, 47.64]]': [225, 345], '[[0.6, 47.64]]': [240, 255, 270], '[[0.0, 47.19]]': [285, 300, 330], '[[0.0, 41.0]]': [315]}
  r 16.0 {'[[0.0, 14.3864]]': [0], '[[0.0, 11.8]]': [15], '[[2.3164, 8.0836]]': [30], '[]': [45, 60, 75, 135, 150, 165], '[[1.0834, 9.5166]]': [90], '[[1.459, 9.141]]': [105], '[[0.0, 9.5]]': [120, 180, 210], '[[0.0, 5.8]]': [195], '[[0.0, 47.64]]': [225, 240, 270, 285, 330, 345], '[[0.0, 50.79]]': [255], '[[0.0, 41.0]]': [300], '[[0.0, 47.19]]': [315]}
S2_material_z_intervals
  r 0.0 {'[[33.2, 47.64]]': [0]}
  r 1.9 {'[[27.6, 47.64]]': [0, 15, 30, 45, 60, 75]}
  r 3.5 {'[[27.6, 47.64]]': [0, 15, 30, 45, 60, 75]}
  r 6.0 {'[[36.3, 47.64]]': [0, 15, 180, 240, 255, 270], '[[39.4965, 45.9035]]': [30], '[[42.2262, 43.1738]]': [45], '[]': [60, 75, 90, 105], '[[27.6, 47.64]]': [120, 135, 150, 165, 195, 210]}
  r 10.0 {'[[36.3, 47.64]]': [0, 135, 150, 165, 270, 285], '[[38.4219, 46.9781]]': [15], '[[38.2871, 47.1129]]': [30], '[]': [45, 60, 75, 90, 105, 120], '[[0.0, 47.64]]': [180, 195, 210, 225, 240], '[[0.3172, 47.64]]': [255]}
  r 16.0 {'[]': [0, 15, 30, 60, 75, 90], '[[40.2266, 45.1734]]': [45], '[[39.1615, 45.8385]]': [120], '[[40.5924, 44.4076]]': [135], '[[0.0, 47.64]]': [165, 180, 195, 210, 225, 240], '[[35.3, 47.64]]': [270], '[[36.3, 47.64]]': [285]}
clearance_S1_standoff_z-12_-6.8 {"mm": 6.8, "status": "MEASURED", "at": [-13.62, 20.18, -6.8], "detail": {"on_b": [-13.62, 20.18, 0.0], "inside": false, "solid_pairs": 1}}
clearance_S1_spacer_z-6.8_3.2 {"mm": 0.0, "status": "MEASURED", "at": [-19.2, 18.95, 0.0], "detail": {"on_b": [-19.2, 18.95, 0.0], "inside": true, "solid_pairs": 1}}
clearance_S2_standoff_z-12_17.6 {"mm": 0.4110228334747029, "status": "MEASURED", "at": [20.085743, 5.651926, 17.6], "detail": {"on_b": [19.748514, 5.41716, 17.610091], "inside": false, "solid_pairs": 1}}
clearance_S2_spacer_z17.6_27.6 {"mm": 0.0, "status": "MEASURED", "at": [28.51, 9.08, 27.6], "detail": {"on_b": [28.51, 9.08, 27.6], "inside": false, "solid_pairs": 1}}
clearance_plate_z-17_-12 {"mm": 12.0, "status": "MEASURED", "at": [4.662954, -24.401099, -12.0], "detail": {"on_b": [4.662954, -24.401099, 0.0], "inside": false, "solid_pairs": 1}}
clearance_foot_y-70_-66 {"mm": 12.4924943874, "status": "MEASURED", "at": [-9.661184, -66.0, 0.0], "detail": {"on_b": [-9.661184, -53.507506, 0.0], "inside": false, "solid_pairs": 1}}
pad_262.5 {"max": {"mm": 55.10360078252499, "status": "MEASURED", "at": [-16.569972, -52.553238, 3.721875]}, "min": {"mm": 46.074225820931844, "status": "MEASURED", "at": [2.00973, -46.030373, 0.248125]}}
pad_339.0 {"max": {"mm": 32.58837541751054, "status": "MEASURED", "at": [31.989635, -6.218155, 36.474375]}, "min": {"mm": 24.27715797552703, "status": "MEASURED", "at": [23.831118, -4.6323, 0.248125]}}
outer_all {"max": {"mm": 54.95926757076713, "status": "MEASURED", "at": [-14.224505, -53.086576, 4.46625]}, "min": {"mm": 16.573204735908902, "status": "MEASURED", "at": [12.695811, 10.653051, 0.49625]}}
