lap validity 0.7
lap envelope 0.7
lap roundtrip 1.4
lap refs 17.0
lap census 17.2
lap bores 30.6
lap caps 32.3
lap contacts 33.0
lap interference 90.3
lap footprint 92.0
lap lowering 177.6
lap E-01 179.5
lap REQ-02/03 179.7
lap REQ-05a 400.8
lap REQ-05b 1352.6
lap REQ-06/07 1353.2
lap min_wall 1380.2
lap overhang 1394.6
lap stl 1394.7
exactly_one_solid            PASS
U-01                         PASS
U-02                         PASS
envelope_within_spec         PASS
D-02                         PASS_ASSUMED
REQ-02                       PASS_ASSUMED
REQ-07                       PASS_ASSUMED
U-04                         PASS
U-05                         PASS
feature_census               PASS
REQ-01                       PASS_ASSUMED
D-04a                        PASS
D-03b                        PASS_ASSUMED
D-05b                        PASS_ASSUMED
E-05                         PASS_ASSUMED
D-05a                        PASS_ASSUMED
J-05                         PASS_ASSUMED
REQ-04                       PASS_ASSUMED
U-03                         PASS_ASSUMED
E-01                         PASS_ASSUMED
REQ-03                       PASS_ASSUMED
REQ-05                       PASS_ASSUMED
REQ-06                       PASS_ASSUMED
E-06                         PASS
D-01a                        PASS
D-06a                        PASS
D-01b                        PASS_ASSUMED
U-06                         PASS
D-03a                        PASS_ASSUMED
U-07                         PASS
U-08                         N/A
D-07                         N/A
REQ-08                       INCONCLUSIVE
   INCONCLUSIVE REQ-08 stiffness None  Soft, bench: answered by the first print (A-12)
timeline [('validity', 0.7), ('envelope', 0.7), ('roundtrip', 1.4), ('refs', 17.0), ('census', 17.2), ('bores', 30.6), ('caps', 32.3), ('contacts', 33.0), ('interference', 90.3), ('footprint', 92.0), ('lowering', 177.6), ('E-01', 179.5), ('REQ-02/03', 179.7), ('REQ-05a', 400.8), ('REQ-05b', 1352.6), ('REQ-06/07', 1353.2), ('min_wall 0.4 refused', 'Undersampled: a 232 x 215 mm face needs 313159 samples at 0.4 mm, more than 250000; a spacing of 0.45 mm fits'), ('min_wall', 1380.2), ('overhang', 1394.6), ('stl', 1394.7)]
