lap validity 1.3
lap envelope 1.3
lap roundtrip 2.0
lap refs 32.8
lap census 33.1
lap bores 59.7
lap caps 62.6
lap contacts 63.3
lap interference 85.8
lap footprint 89.1
lap lowering 219.0
lap E-01 221.1
lap REQ-02/03 221.3
lap REQ-05a 292.0
lap REQ-05b 442.6
lap REQ-06/07 443.4
lap min_wall 480.7
lap overhang 500.2
lap stl 500.2
exactly_one_solid            PASS
U-01                         PASS
U-02                         PASS
envelope_within_spec         PASS
D-02                         PASS_ASSUMED
REQ-02                       PASS_ASSUMED
REQ-07                       PASS_ASSUMED
U-04                         PASS
U-05                         PASS
feature_census               PASS
REQ-01                       PASS_ASSUMED
D-04a                        PASS
D-03b                        PASS_ASSUMED
D-05b                        PASS_ASSUMED
E-05                         PASS_ASSUMED
D-05a                        PASS_ASSUMED
J-05                         PASS_ASSUMED
REQ-04                       PASS_ASSUMED
U-03                         FAIL
E-01                         FAIL
REQ-03                       PASS_ASSUMED
REQ-05                       PASS_ASSUMED
REQ-06                       PASS_ASSUMED
E-06                         PASS
D-01a                        PASS
D-06a                        PASS
D-01b                        PASS_ASSUMED
U-06                         PASS
D-03a                        PASS_ASSUMED
U-07                         INCONCLUSIVE
U-08                         N/A
D-07                         N/A
REQ-08                       INCONCLUSIVE
   FAIL U-03 a_interference_panel|E02 0 clearance > 0 and inside == False 
   FAIL E-01 boss_upper_from_end+0.5 0.400100000000009 >= 0.5 
   FAIL E-01 boss_lower_from_end+0.5 0.400100000000009 >= 0.5 
   INCONCLUSIVE U-07 stl None  no STL given
   INCONCLUSIVE REQ-08 stiffness None  Soft, bench: answered by the first print (A-12)
timeline [('validity', 1.3), ('envelope', 1.3), ('roundtrip', 2.0), ('refs', 32.8), ('census', 33.1), ('bores', 59.7), ('caps', 62.6), ('contacts', 63.3), ('interference', 85.8), ('footprint', 89.1), ('lowering', 219.0), ('E-01', 221.1), ('REQ-02/03', 221.3), ('REQ-05a', 292.0), ('REQ-05b', 442.6), ('REQ-06/07', 443.4), ('min_wall 0.4 refused', 'Undersampled: a 232 x 215 mm face needs 313159 samples at 0.4 mm, more than 250000; a spacing of 0.45 mm fits'), ('min_wall', 480.7), ('overhang', 500.2), ('stl', 500.2)]
