lap validity 1.4
lap envelope 1.4
lap roundtrip 2.4
lap refs 32.4
lap census 32.8
lap bores 59.6
lap caps 62.5
lap contacts 63.6
lap interference 88.7
lap footprint 90.9
lap lowering 219.3
lap E-01 221.6
lap REQ-02/03 221.7
lap REQ-05a 292.1
lap REQ-05b 444.5
lap REQ-06/07 445.2
lap min_wall 483.1
lap overhang 502.4
lap stl 502.4
exactly_one_solid            PASS
U-01                         PASS
U-02                         PASS
envelope_within_spec         PASS
D-02                         PASS_ASSUMED
REQ-02                       PASS_ASSUMED
REQ-07                       PASS_ASSUMED
U-04                         PASS
U-05                         PASS
feature_census               PASS
REQ-01                       PASS_ASSUMED
D-04a                        PASS
D-03b                        PASS_ASSUMED
D-05b                        PASS_ASSUMED
E-05                         PASS_ASSUMED
D-05a                        PASS_ASSUMED
J-05                         PASS_ASSUMED
REQ-04                       PASS_ASSUMED
U-03                         PASS_ASSUMED
E-01                         PASS_ASSUMED
REQ-03                       PASS_ASSUMED
REQ-05                       PASS_ASSUMED
REQ-06                       PASS_ASSUMED
E-06                         PASS
D-01a                        PASS
D-06a                        PASS
D-01b                        PASS_ASSUMED
U-06                         PASS
D-03a                        PASS_ASSUMED
U-07                         INCONCLUSIVE
U-08                         N/A
D-07                         N/A
REQ-08                       INCONCLUSIVE
   INCONCLUSIVE U-07 stl None  no STL given
   INCONCLUSIVE REQ-08 stiffness None  Soft, bench: answered by the first print (A-12)
timeline [('validity', 1.4), ('envelope', 1.4), ('roundtrip', 2.4), ('refs', 32.4), ('census', 32.8), ('bores', 59.6), ('caps', 62.5), ('contacts', 63.6), ('interference', 88.7), ('footprint', 90.9), ('lowering', 219.3), ('E-01', 221.6), ('REQ-02/03', 221.7), ('REQ-05a', 292.1), ('REQ-05b', 444.5), ('REQ-06/07', 445.2), ('min_wall 0.4 refused', 'Undersampled: a 232 x 215 mm face needs 313159 samples at 0.4 mm, more than 250000; a spacing of 0.45 mm fits'), ('min_wall', 483.1), ('overhang', 502.4), ('stl', 502.4)]
