lap validity 1.3
lap envelope 1.3
lap roundtrip 1.9
lap refs 23.2
lap census 23.4
lap bores 40.5
lap caps 42.5
lap contacts 43.4
lap interference 60.0
lap footprint 62.0
lap lowering 173.6
lap E-01 176.0
lap REQ-02/03 176.2
lap REQ-05a 238.8
lap REQ-05b 374.9
lap REQ-06/07 375.8
lap min_wall 407.0
lap overhang 424.0
lap stl 424.0
exactly_one_solid            PASS
U-01                         PASS
U-02                         PASS
envelope_within_spec         PASS
D-02                         PASS_ASSUMED
REQ-02                       PASS_ASSUMED
REQ-07                       PASS_ASSUMED
U-04                         PASS
U-05                         PASS
feature_census               PASS
REQ-01                       PASS_ASSUMED
D-04a                        PASS
D-03b                        PASS_ASSUMED
D-05b                        PASS_ASSUMED
E-05                         PASS_ASSUMED
D-05a                        PASS_ASSUMED
J-05                         PASS_ASSUMED
REQ-04                       PASS_ASSUMED
U-03                         PASS_ASSUMED
E-01                         PASS_ASSUMED
REQ-03                       PASS_ASSUMED
REQ-05                       PASS_ASSUMED
REQ-06                       PASS_ASSUMED
E-06                         PASS
D-01a                        PASS
D-06a                        PASS
D-01b                        PASS_ASSUMED
U-06                         PASS
D-03a                        PASS_ASSUMED
U-07                         INCONCLUSIVE
U-08                         N/A
D-07                         N/A
REQ-08                       INCONCLUSIVE
   INCONCLUSIVE U-07 stl None  no STL given
   INCONCLUSIVE REQ-08 stiffness None  Soft, bench: answered by the first print (A-12)
timeline [('validity', 1.3), ('envelope', 1.3), ('roundtrip', 1.9), ('refs', 23.2), ('census', 23.4), ('bores', 40.5), ('caps', 42.5), ('contacts', 43.4), ('interference', 60.0), ('footprint', 62.0), ('lowering', 173.6), ('E-01', 176.0), ('REQ-02/03', 176.2), ('REQ-05a', 238.8), ('REQ-05b', 374.9), ('REQ-06/07', 375.8), ('min_wall 0.4 refused', 'Undersampled: a 232 x 215 mm face needs 313159 samples at 0.4 mm, more than 250000; a spacing of 0.45 mm fits'), ('min_wall', 407.0), ('overhang', 424.0), ('stl', 424.0)]
