lap validity 0.9
lap envelope 0.9
lap roundtrip 1.9
lap refs 22.4
lap census 22.7
lap bores 40.1
lap caps 41.8
lap contacts 42.8
lap interference 59.2
lap footprint 61.2
lap lowering 172.2
lap E-01 174.9
lap REQ-02/03 175.1
lap REQ-05a 236.7
lap REQ-05b 376.5
lap REQ-06/07 377.4
lap min_wall 409.8
lap overhang 427.1
lap stl 427.1
exactly_one_solid            PASS
U-01                         PASS
U-02                         PASS
envelope_within_spec         PASS
D-02                         PASS_ASSUMED
REQ-02                       PASS_ASSUMED
REQ-07                       PASS_ASSUMED
U-04                         PASS
U-05                         PASS
feature_census               PASS
REQ-01                       PASS_ASSUMED
D-04a                        PASS
D-03b                        PASS_ASSUMED
D-05b                        PASS_ASSUMED
E-05                         PASS_ASSUMED
D-05a                        PASS_ASSUMED
J-05                         PASS_ASSUMED
REQ-04                       PASS_ASSUMED
U-03                         PASS_ASSUMED
E-01                         PASS_ASSUMED
REQ-03                       PASS_ASSUMED
REQ-05                       PASS_ASSUMED
REQ-06                       PASS_ASSUMED
E-06                         PASS
D-01a                        PASS
D-06a                        PASS
D-01b                        PASS_ASSUMED
U-06                         PASS
D-03a                        PASS_ASSUMED
U-07                         INCONCLUSIVE
U-08                         N/A
D-07                         N/A
REQ-08                       INCONCLUSIVE
   INCONCLUSIVE U-07 stl None  no STL given
   INCONCLUSIVE REQ-08 stiffness None  Soft, bench: answered by the first print (A-12)
timeline [('validity', 0.9), ('envelope', 0.9), ('roundtrip', 1.9), ('refs', 22.4), ('census', 22.7), ('bores', 40.1), ('caps', 41.8), ('contacts', 42.8), ('interference', 59.2), ('footprint', 61.2), ('lowering', 172.2), ('E-01', 174.9), ('REQ-02/03', 175.1), ('REQ-05a', 236.7), ('REQ-05b', 376.5), ('REQ-06/07', 377.4), ('min_wall 0.4 refused', 'Undersampled: a 232 x 215 mm face needs 313159 samples at 0.4 mm, more than 250000; a spacing of 0.45 mm fits'), ('min_wall', 409.8), ('overhang', 427.1), ('stl', 427.1)]
