lap validity 1.6
lap envelope 1.6
lap roundtrip 2.7
lap refs 33.0
lap census 33.4
lap bores 61.6
lap caps 64.0
lap contacts 65.4
lap interference 90.8
lap footprint 94.1
lap lowering 268.2
lap E-01 271.6
lap REQ-02/03 271.8
lap REQ-05a 365.1
lap REQ-05b 575.7
lap REQ-06/07 576.7
lap min_wall 628.1
lap overhang 654.4
lap stl 654.4
exactly_one_solid            PASS
U-01                         PASS
U-02                         PASS
envelope_within_spec         PASS
D-02                         PASS_ASSUMED
REQ-02                       PASS_ASSUMED
REQ-07                       PASS_ASSUMED
U-04                         PASS
U-05                         PASS
feature_census               PASS
REQ-01                       PASS_ASSUMED
D-04a                        PASS
D-03b                        PASS_ASSUMED
D-05b                        PASS_ASSUMED
E-05                         PASS_ASSUMED
D-05a                        PASS_ASSUMED
J-05                         PASS_ASSUMED
REQ-04                       PASS_ASSUMED
U-03                         PASS_ASSUMED
E-01                         PASS_ASSUMED
REQ-03                       PASS_ASSUMED
REQ-05                       PASS_ASSUMED
REQ-06                       PASS_ASSUMED
E-06                         PASS
D-01a                        PASS
D-06a                        PASS
D-01b                        PASS_ASSUMED
U-06                         PASS
D-03a                        PASS_ASSUMED
U-07                         INCONCLUSIVE
U-08                         N/A
D-07                         N/A
REQ-08                       INCONCLUSIVE
   INCONCLUSIVE U-07 stl None  no STL given
   INCONCLUSIVE REQ-08 stiffness None  Soft, bench: answered by the first print (A-12)
timeline [('validity', 1.6), ('envelope', 1.6), ('roundtrip', 2.7), ('refs', 33.0), ('census', 33.4), ('bores', 61.6), ('caps', 64.0), ('contacts', 65.4), ('interference', 90.8), ('footprint', 94.1), ('lowering', 268.2), ('E-01', 271.6), ('REQ-02/03', 271.8), ('REQ-05a', 365.1), ('REQ-05b', 575.7), ('REQ-06/07', 576.7), ('min_wall 0.4 refused', 'Undersampled: a 232 x 215 mm face needs 313159 samples at 0.4 mm, more than 250000; a spacing of 0.45 mm fits'), ('min_wall', 628.1), ('overhang', 654.4), ('stl', 654.4)]
