lap validity 0.8
lap envelope 0.8
lap roundtrip 1.3
lap refs 33.1
lap census 33.4
lap bores 61.3
lap caps 64.0
lap contacts 65.2
lap interference 92.2
lap footprint 95.5
lap lowering 268.1
lap E-01 271.7
lap REQ-02/03 272.1
lap REQ-05a 368.4
lap REQ-05b 578.2
lap REQ-06/07 579.0
lap min_wall 631.2
lap overhang 658.5
lap stl 658.5
exactly_one_solid            PASS
U-01                         PASS
U-02                         PASS
envelope_within_spec         PASS
D-02                         PASS_ASSUMED
REQ-02                       PASS_ASSUMED
REQ-07                       PASS_ASSUMED
U-04                         PASS
U-05                         PASS
feature_census               PASS
REQ-01                       PASS_ASSUMED
D-04a                        PASS
D-03b                        PASS_ASSUMED
D-05b                        PASS_ASSUMED
E-05                         PASS_ASSUMED
D-05a                        PASS_ASSUMED
J-05                         PASS_ASSUMED
REQ-04                       PASS_ASSUMED
U-03                         PASS_ASSUMED
E-01                         PASS_ASSUMED
REQ-03                       PASS_ASSUMED
REQ-05                       PASS_ASSUMED
REQ-06                       PASS_ASSUMED
E-06                         PASS
D-01a                        PASS
D-06a                        PASS
D-01b                        PASS_ASSUMED
U-06                         PASS
D-03a                        PASS_ASSUMED
U-07                         INCONCLUSIVE
U-08                         N/A
D-07                         N/A
REQ-08                       INCONCLUSIVE
   INCONCLUSIVE U-07 stl None  no STL given
   INCONCLUSIVE REQ-08 stiffness None  Soft, bench: answered by the first print (A-12)
timeline [('validity', 0.8), ('envelope', 0.8), ('roundtrip', 1.3), ('refs', 33.1), ('census', 33.4), ('bores', 61.3), ('caps', 64.0), ('contacts', 65.2), ('interference', 92.2), ('footprint', 95.5), ('lowering', 268.1), ('E-01', 271.7), ('REQ-02/03', 272.1), ('REQ-05a', 368.4), ('REQ-05b', 578.2), ('REQ-06/07', 579.0), ('min_wall 0.4 refused', 'Undersampled: a 232 x 215 mm face needs 313159 samples at 0.4 mm, more than 250000; a spacing of 0.45 mm fits'), ('min_wall', 631.2), ('overhang', 658.5), ('stl', 658.5)]
