lap validity 0.8
lap envelope 0.8
lap roundtrip 1.4
lap refs 17.4
lap census 17.6
lap bores 30.8
lap caps 32.6
lap contacts 33.2
lap interference 89.6
lap footprint 91.2
lap lowering 177.9
lap E-01 179.8
lap REQ-02/03 180.0
lap REQ-05a 402.1
lap REQ-05b 1351.0
lap REQ-06/07 1351.5
lap min_wall 1378.0
lap overhang 1391.7
lap stl 1391.7
exactly_one_solid            PASS
U-01                         PASS
U-02                         PASS
envelope_within_spec         PASS
D-02                         PASS_ASSUMED
REQ-02                       PASS_ASSUMED
REQ-07                       PASS_ASSUMED
U-04                         PASS
U-05                         PASS
feature_census               PASS
REQ-01                       PASS_ASSUMED
D-04a                        PASS
D-03b                        PASS_ASSUMED
D-05b                        PASS_ASSUMED
E-05                         PASS_ASSUMED
D-05a                        PASS_ASSUMED
J-05                         PASS_ASSUMED
REQ-04                       PASS_ASSUMED
U-03                         PASS_ASSUMED
E-01                         PASS_ASSUMED
REQ-03                       PASS_ASSUMED
REQ-05                       PASS_ASSUMED
REQ-06                       PASS_ASSUMED
E-06                         PASS
D-01a                        PASS
D-06a                        PASS
D-01b                        PASS_ASSUMED
U-06                         PASS
D-03a                        PASS_ASSUMED
U-07                         INCONCLUSIVE
U-08                         N/A
D-07                         N/A
REQ-08                       INCONCLUSIVE
   INCONCLUSIVE U-07 stl None  no STL given
   INCONCLUSIVE REQ-08 stiffness None  Soft, bench: answered by the first print (A-12)
timeline [('validity', 0.8), ('envelope', 0.8), ('roundtrip', 1.4), ('refs', 17.4), ('census', 17.6), ('bores', 30.8), ('caps', 32.6), ('contacts', 33.2), ('interference', 89.6), ('footprint', 91.2), ('lowering', 177.9), ('E-01', 179.8), ('REQ-02/03', 180.0), ('REQ-05a', 402.1), ('REQ-05b', 1351.0), ('REQ-06/07', 1351.5), ('min_wall 0.4 refused', 'Undersampled: a 232 x 215 mm face needs 313159 samples at 0.4 mm, more than 250000; a spacing of 0.45 mm fits'), ('min_wall', 1378.0), ('overhang', 1391.7), ('stl', 1391.7)]
