lap validity 0.7
lap envelope 0.7
lap roundtrip 1.2
lap refs 17.1
lap census 17.2
lap bores 29.9
lap caps 31.3
lap contacts 32.0
lap interference 44.6
lap footprint 46.2
lap lowering 129.4
lap E-01 131.1
lap REQ-02/03 131.2
lap REQ-05a 176.7
lap REQ-05b 277.8
lap REQ-06/07 278.2
lap min_wall 302.6
lap overhang 315.6
lap stl 315.6
exactly_one_solid            PASS
U-01                         PASS
U-02                         PASS
envelope_within_spec         PASS
D-02                         PASS_ASSUMED
REQ-02                       PASS_ASSUMED
REQ-07                       PASS_ASSUMED
U-04                         PASS
U-05                         PASS
feature_census               PASS
REQ-01                       PASS_ASSUMED
D-04a                        PASS
D-03b                        PASS_ASSUMED
D-05b                        PASS_ASSUMED
E-05                         PASS_ASSUMED
D-05a                        PASS_ASSUMED
J-05                         PASS_ASSUMED
REQ-04                       PASS_ASSUMED
U-03                         PASS_ASSUMED
E-01                         PASS_ASSUMED
REQ-03                       PASS_ASSUMED
REQ-05                       PASS_ASSUMED
REQ-06                       PASS_ASSUMED
E-06                         PASS
D-01a                        PASS
D-06a                        PASS
D-01b                        PASS_ASSUMED
U-06                         PASS
D-03a                        PASS_ASSUMED
U-07                         INCONCLUSIVE
U-08                         N/A
D-07                         N/A
REQ-08                       INCONCLUSIVE
   INCONCLUSIVE U-07 stl None  no STL given
   INCONCLUSIVE REQ-08 stiffness None  Soft, bench: answered by the first print (A-12)
timeline [('validity', 0.7), ('envelope', 0.7), ('roundtrip', 1.2), ('refs', 17.1), ('census', 17.2), ('bores', 29.9), ('caps', 31.3), ('contacts', 32.0), ('interference', 44.6), ('footprint', 46.2), ('lowering', 129.4), ('E-01', 131.1), ('REQ-02/03', 131.2), ('REQ-05a', 176.7), ('REQ-05b', 277.8), ('REQ-06/07', 278.2), ('min_wall 0.4 refused', 'Undersampled: a 232 x 215 mm face needs 313159 samples at 0.4 mm, more than 250000; a spacing of 0.45 mm fits'), ('min_wall', 302.6), ('overhang', 315.6), ('stl', 315.6)]
