lap validity 1.1
lap envelope 1.1
lap roundtrip 1.6
lap refs 24.8
lap census 25.1
lap bores 45.1
lap caps 46.5
lap contacts 47.2
lap interference 66.4
lap footprint 68.9
lap lowering 196.9
lap E-01 199.8
lap REQ-02/03 200.1
lap REQ-05a 266.9
lap REQ-05b 420.2
lap REQ-06/07 420.9
lap min_wall 459.2
lap overhang 479.1
lap stl 479.1
exactly_one_solid            PASS
U-01                         PASS
U-02                         PASS
envelope_within_spec         PASS
D-02                         PASS_ASSUMED
REQ-02                       PASS_ASSUMED
REQ-07                       PASS_ASSUMED
U-04                         PASS
U-05                         PASS
feature_census               PASS
REQ-01                       PASS_ASSUMED
D-04a                        PASS
D-03b                        PASS_ASSUMED
D-05b                        PASS_ASSUMED
E-05                         PASS_ASSUMED
D-05a                        PASS_ASSUMED
J-05                         PASS_ASSUMED
REQ-04                       PASS_ASSUMED
U-03                         PASS_ASSUMED
E-01                         PASS_ASSUMED
REQ-03                       PASS_ASSUMED
REQ-05                       PASS_ASSUMED
REQ-06                       PASS_ASSUMED
E-06                         PASS
D-01a                        PASS
D-06a                        PASS
D-01b                        PASS_ASSUMED
U-06                         PASS
D-03a                        PASS_ASSUMED
U-07                         INCONCLUSIVE
U-08                         N/A
D-07                         N/A
REQ-08                       INCONCLUSIVE
   INCONCLUSIVE U-07 stl None  no STL given
   INCONCLUSIVE REQ-08 stiffness None  Soft, bench: answered by the first print (A-12)
timeline [('validity', 1.1), ('envelope', 1.1), ('roundtrip', 1.6), ('refs', 24.8), ('census', 25.1), ('bores', 45.1), ('caps', 46.5), ('contacts', 47.2), ('interference', 66.4), ('footprint', 68.9), ('lowering', 196.9), ('E-01', 199.8), ('REQ-02/03', 200.1), ('REQ-05a', 266.9), ('REQ-05b', 420.2), ('REQ-06/07', 420.9), ('min_wall 0.4 refused', 'Undersampled: a 232 x 215 mm face needs 313159 samples at 0.4 mm, more than 250000; a spacing of 0.45 mm fits'), ('min_wall', 459.2), ('overhang', 479.1), ('stl', 479.1)]
