lap validity 0.7
lap envelope 0.8
lap roundtrip 1.2
lap refs 16.5
lap census 16.7
lap bores 29.6
lap caps 31.0
lap contacts 31.5
lap interference 44.2
lap footprint 45.9
lap lowering 131.0
lap E-01 132.7
lap REQ-02/03 132.8
lap REQ-05a 181.7
lap REQ-05b 284.7
lap REQ-06/07 285.1
lap min_wall 316.0
lap overhang 333.4
lap stl 333.4
exactly_one_solid            PASS
U-01                         PASS
U-02                         PASS
envelope_within_spec         PASS
D-02                         PASS_ASSUMED
REQ-02                       PASS_ASSUMED
REQ-07                       PASS_ASSUMED
U-04                         PASS
U-05                         PASS
feature_census               PASS
REQ-01                       PASS_ASSUMED
D-04a                        PASS
D-03b                        PASS_ASSUMED
D-05b                        PASS_ASSUMED
E-05                         PASS_ASSUMED
D-05a                        PASS_ASSUMED
J-05                         PASS_ASSUMED
REQ-04                       PASS_ASSUMED
U-03                         PASS_ASSUMED
E-01                         PASS_ASSUMED
REQ-03                       PASS_ASSUMED
REQ-05                       PASS_ASSUMED
REQ-06                       PASS_ASSUMED
E-06                         PASS
D-01a                        PASS
D-06a                        PASS
D-01b                        PASS_ASSUMED
U-06                         PASS
D-03a                        PASS_ASSUMED
U-07                         INCONCLUSIVE
U-08                         N/A
D-07                         N/A
REQ-08                       INCONCLUSIVE
   INCONCLUSIVE U-07 stl None  no STL given
   INCONCLUSIVE REQ-08 stiffness None  Soft, bench: answered by the first print (A-12)
timeline [('validity', 0.7), ('envelope', 0.8), ('roundtrip', 1.2), ('refs', 16.5), ('census', 16.7), ('bores', 29.6), ('caps', 31.0), ('contacts', 31.5), ('interference', 44.2), ('footprint', 45.9), ('lowering', 131.0), ('E-01', 132.7), ('REQ-02/03', 132.8), ('REQ-05a', 181.7), ('REQ-05b', 284.7), ('REQ-06/07', 285.1), ('min_wall 0.4 refused', 'Undersampled: a 232 x 215 mm face needs 313159 samples at 0.4 mm, more than 250000; a spacing of 0.45 mm fits'), ('min_wall', 316.0), ('overhang', 333.4), ('stl', 333.4)]
