lap validity 1.1
lap envelope 1.1
lap roundtrip 1.5
lap refs 24.9
lap census 25.2
lap bores 44.6
lap caps 46.0
lap contacts 46.7
lap interference 65.9
lap footprint 68.0
lap lowering 194.4
lap E-01 197.1
lap REQ-02/03 197.3
lap REQ-05a 268.4
lap REQ-05b 421.4
lap REQ-06/07 422.1
lap min_wall 460.8
lap overhang 481.1
lap stl 481.1
exactly_one_solid            PASS
U-01                         PASS
U-02                         PASS
envelope_within_spec         PASS
D-02                         PASS_ASSUMED
REQ-02                       PASS_ASSUMED
REQ-07                       PASS_ASSUMED
U-04                         PASS
U-05                         PASS
feature_census               PASS
REQ-01                       PASS_ASSUMED
D-04a                        PASS
D-03b                        PASS_ASSUMED
D-05b                        PASS_ASSUMED
E-05                         PASS_ASSUMED
D-05a                        PASS_ASSUMED
J-05                         PASS_ASSUMED
REQ-04                       PASS_ASSUMED
U-03                         PASS_ASSUMED
E-01                         PASS_ASSUMED
REQ-03                       PASS_ASSUMED
REQ-05                       PASS_ASSUMED
REQ-06                       PASS_ASSUMED
E-06                         PASS
D-01a                        PASS
D-06a                        PASS
D-01b                        PASS_ASSUMED
U-06                         PASS
D-03a                        PASS_ASSUMED
U-07                         INCONCLUSIVE
U-08                         N/A
D-07                         N/A
REQ-08                       INCONCLUSIVE
   INCONCLUSIVE U-07 stl None  no STL given
   INCONCLUSIVE REQ-08 stiffness None  Soft, bench: answered by the first print (A-12)
timeline [('validity', 1.1), ('envelope', 1.1), ('roundtrip', 1.5), ('refs', 24.9), ('census', 25.2), ('bores', 44.6), ('caps', 46.0), ('contacts', 46.7), ('interference', 65.9), ('footprint', 68.0), ('lowering', 194.4), ('E-01', 197.1), ('REQ-02/03', 197.3), ('REQ-05a', 268.4), ('REQ-05b', 421.4), ('REQ-06/07', 422.1), ('min_wall 0.4 refused', 'Undersampled: a 232 x 215 mm face needs 313159 samples at 0.4 mm, more than 250000; a spacing of 0.45 mm fits'), ('min_wall', 460.8), ('overhang', 481.1), ('stl', 481.1)]
