lap validity 1.0
lap envelope 1.0
lap roundtrip 1.5
lap refs 25.2
lap census 25.5
lap bores 45.8
lap caps 47.3
lap contacts 47.9
lap interference 67.0
lap footprint 69.2
lap lowering 198.5
lap E-01 201.2
lap REQ-02/03 201.4
lap REQ-05a 269.3
lap REQ-05b 426.1
lap REQ-06/07 426.8
lap min_wall 466.1
lap overhang 486.2
lap stl 486.2
exactly_one_solid            PASS
U-01                         PASS
U-02                         PASS
envelope_within_spec         PASS
D-02                         PASS_ASSUMED
REQ-02                       PASS_ASSUMED
REQ-07                       PASS_ASSUMED
U-04                         PASS
U-05                         PASS
feature_census               PASS
REQ-01                       PASS_ASSUMED
D-04a                        PASS
D-03b                        PASS_ASSUMED
D-05b                        PASS_ASSUMED
E-05                         PASS_ASSUMED
D-05a                        PASS_ASSUMED
J-05                         PASS_ASSUMED
REQ-04                       PASS_ASSUMED
U-03                         PASS_ASSUMED
E-01                         PASS_ASSUMED
REQ-03                       PASS_ASSUMED
REQ-05                       PASS_ASSUMED
REQ-06                       PASS_ASSUMED
E-06                         PASS
D-01a                        PASS
D-06a                        PASS
D-01b                        PASS_ASSUMED
U-06                         PASS
D-03a                        PASS_ASSUMED
U-07                         INCONCLUSIVE
U-08                         N/A
D-07                         N/A
REQ-08                       INCONCLUSIVE
   INCONCLUSIVE U-07 stl None  no STL given
   INCONCLUSIVE REQ-08 stiffness None  Soft, bench: answered by the first print (A-12)
timeline [('validity', 1.0), ('envelope', 1.0), ('roundtrip', 1.5), ('refs', 25.2), ('census', 25.5), ('bores', 45.8), ('caps', 47.3), ('contacts', 47.9), ('interference', 67.0), ('footprint', 69.2), ('lowering', 198.5), ('E-01', 201.2), ('REQ-02/03', 201.4), ('REQ-05a', 269.3), ('REQ-05b', 426.1), ('REQ-06/07', 426.8), ('min_wall 0.4 refused', 'Undersampled: a 232 x 215 mm face needs 313159 samples at 0.4 mm, more than 250000; a spacing of 0.45 mm fits'), ('min_wall', 466.1), ('overhang', 486.2), ('stl', 486.2)]
