lap validity 1.5
lap envelope 1.5
lap roundtrip 2.5
lap refs 34.0
lap census 34.3
lap bores 62.5
lap caps 65.1
lap contacts 66.2
lap interference 89.9
lap footprint 92.1
lap lowering 221.9
lap E-01 224.7
lap REQ-02/03 224.9
lap REQ-05a 295.6
lap REQ-05b 449.2
lap REQ-06/07 449.7
lap min_wall 488.0
lap overhang 508.1
lap stl 508.1
exactly_one_solid            PASS
U-01                         PASS
U-02                         PASS
envelope_within_spec         PASS
D-02                         PASS_ASSUMED
REQ-02                       PASS_ASSUMED
REQ-07                       PASS_ASSUMED
U-04                         PASS
U-05                         PASS
feature_census               PASS
REQ-01                       PASS_ASSUMED
D-04a                        PASS
D-03b                        PASS_ASSUMED
D-05b                        PASS_ASSUMED
E-05                         PASS_ASSUMED
D-05a                        PASS_ASSUMED
J-05                         PASS_ASSUMED
REQ-04                       PASS_ASSUMED
U-03                         FAIL
E-01                         PASS_ASSUMED
REQ-03                       PASS_ASSUMED
REQ-05                       PASS_ASSUMED
REQ-06                       PASS_ASSUMED
E-06                         PASS
D-01a                        PASS
D-06a                        PASS
D-01b                        PASS_ASSUMED
U-06                         PASS
D-03a                        PASS_ASSUMED
U-07                         INCONCLUSIVE
U-08                         N/A
D-07                         N/A
REQ-08                       INCONCLUSIVE
   FAIL U-03 a_panel|C15_keepout(-110,90) 0.2376174841520335 <= 0.0 
   FAIL U-03 a_panel|C15_keepout(+110,90) 0.23761748415203357 <= 0.0 
   INCONCLUSIVE U-07 stl None  no STL given
   INCONCLUSIVE REQ-08 stiffness None  Soft, bench: answered by the first print (A-12)
timeline [('validity', 1.5), ('envelope', 1.5), ('roundtrip', 2.5), ('refs', 34.0), ('census', 34.3), ('bores', 62.5), ('caps', 65.1), ('contacts', 66.2), ('interference', 89.9), ('footprint', 92.1), ('lowering', 221.9), ('E-01', 224.7), ('REQ-02/03', 224.9), ('REQ-05a', 295.6), ('REQ-05b', 449.2), ('REQ-06/07', 449.7), ('min_wall 0.4 refused', 'Undersampled: a 232 x 215 mm face needs 313159 samples at 0.4 mm, more than 250000; a spacing of 0.45 mm fits'), ('min_wall', 488.0), ('overhang', 508.1), ('stl', 508.1)]
