lap validity 0.7
lap envelope 0.7
lap roundtrip 1.2
lap refs 16.3
lap census 16.4
lap bores 29.4
lap caps 30.8
lap contacts 31.3
lap interference 43.7
lap footprint 45.2
lap lowering 129.4
lap E-01 131.1
lap REQ-02/03 131.2
lap REQ-05a 178.7
lap REQ-05b 279.7
lap REQ-06/07 280.1
lap min_wall 312.9
lap overhang 330.4
lap stl 330.4
exactly_one_solid            PASS
U-01                         PASS
U-02                         PASS
envelope_within_spec         PASS
D-02                         PASS_ASSUMED
REQ-02                       PASS_ASSUMED
REQ-07                       PASS_ASSUMED
U-04                         PASS
U-05                         PASS
feature_census               PASS
REQ-01                       PASS_ASSUMED
D-04a                        PASS
D-03b                        PASS_ASSUMED
D-05b                        PASS_ASSUMED
E-05                         PASS_ASSUMED
D-05a                        PASS_ASSUMED
J-05                         PASS_ASSUMED
REQ-04                       PASS_ASSUMED
U-03                         PASS_ASSUMED
E-01                         PASS_ASSUMED
REQ-03                       PASS_ASSUMED
REQ-05                       PASS_ASSUMED
REQ-06                       PASS_ASSUMED
E-06                         PASS
D-01a                        PASS
D-06a                        PASS
D-01b                        PASS_ASSUMED
U-06                         PASS
D-03a                        PASS_ASSUMED
U-07                         INCONCLUSIVE
U-08                         N/A
D-07                         N/A
REQ-08                       INCONCLUSIVE
   INCONCLUSIVE U-07 stl None  no STL given
   INCONCLUSIVE REQ-08 stiffness None  Soft, bench: answered by the first print (A-12)
timeline [('validity', 0.7), ('envelope', 0.7), ('roundtrip', 1.2), ('refs', 16.3), ('census', 16.4), ('bores', 29.4), ('caps', 30.8), ('contacts', 31.3), ('interference', 43.7), ('footprint', 45.2), ('lowering', 129.4), ('E-01', 131.1), ('REQ-02/03', 131.2), ('REQ-05a', 178.7), ('REQ-05b', 279.7), ('REQ-06/07', 280.1), ('min_wall 0.4 refused', 'Undersampled: a 232 x 215 mm face needs 313159 samples at 0.4 mm, more than 250000; a spacing of 0.45 mm fits'), ('min_wall', 312.9), ('overhang', 330.4), ('stl', 330.4)]
